<?xml version="1.0" encoding="UTF-8"?>
<TestRun id="cf9338b6-398e-4396-8671-43f4f98213aa" name="Aaron@AARON-HP 2016-09-18 06:42:52" runUser="Aaron-HP\Aaron" xmlns="http://microsoft.com/schemas/VisualStudio/TeamTest/2010">
  <TestSettings name="Local" id="36464539-aa33-48c7-8b6d-88c60b435c89">
    <Description>These are default test settings for a local test run.</Description>
    <Deployment enabled="false" runDeploymentRoot="Aaron_AARON-HP 2016-09-18 06_42_52">
      <DeploymentItem filename="C:\Users\Aaron\documents\visual studio 2010\Projects\tripCalculator\tripCalculator\bin\Debug\tripCalculator.exe" />
    </Deployment>
    <Execution>
      <TestTypeSpecific />
      <AgentRule name="Execution Agents">
      </AgentRule>
    </Execution>
  </TestSettings>
  <Times creation="2016-09-18T06:42:52.5963882-07:00" queuing="2016-09-18T06:42:52.7214115-07:00" start="2016-09-18T06:42:52.7370165-07:00" finish="2016-09-18T06:42:53.2060909-07:00" />
  <ResultSummary outcome="Failed">
    <Counters total="8" executed="8" passed="7" error="0" failed="1" timeout="0" aborted="0" inconclusive="0" passedButRunAborted="0" notRunnable="0" notExecuted="0" disconnected="0" warning="0" completed="0" inProgress="0" pending="0" />
  </ResultSummary>
  <TestDefinitions>
    <UnitTest name="TestBlankNameReturnsFalse" storage="c:\users\aaron\documents\visual studio 2010\projects\tripcalculator\tripcalculatortest\bin\debug\tripcalculatortest.dll" id="bd9a4a21-da79-584b-dca9-c78ee84d8e19">
      <Execution id="c8352020-42a8-4634-b764-91e747309cca" />
      <TestMethod codeBase="C:/Users/Aaron/documents/visual studio 2010/Projects/tripCalculator/tripCalculatorTest/bin/Debug/tripCalculatorTest.DLL" adapterTypeName="Microsoft.VisualStudio.TestTools.TestTypes.Unit.UnitTestAdapter, Microsoft.VisualStudio.QualityTools.Tips.UnitTest.Adapter, Version=10.0.0.0, Culture=neutral, PublicKeyToken=b03f5f7f11d50a3a" className="tripCalculatorTest.tripCalculatorTest, tripCalculatorTest, Version=1.0.0.0, Culture=neutral, PublicKeyToken=null" name="TestBlankNameReturnsFalse" />
    </UnitTest>
    <UnitTest name="TestDollarAmountNameReturnsFalse" storage="c:\users\aaron\documents\visual studio 2010\projects\tripcalculator\tripcalculatortest\bin\debug\tripcalculatortest.dll" id="d551d814-3ba6-9128-98e4-49734d633a16">
      <Execution id="586f4541-5672-4d7d-a416-5ec443b758cd" />
      <TestMethod codeBase="C:/Users/Aaron/documents/visual studio 2010/Projects/tripCalculator/tripCalculatorTest/bin/Debug/tripCalculatorTest.DLL" adapterTypeName="Microsoft.VisualStudio.TestTools.TestTypes.Unit.UnitTestAdapter, Microsoft.VisualStudio.QualityTools.Tips.UnitTest.Adapter, Version=10.0.0.0, Culture=neutral, PublicKeyToken=b03f5f7f11d50a3a" className="tripCalculatorTest.tripCalculatorTest, tripCalculatorTest, Version=1.0.0.0, Culture=neutral, PublicKeyToken=null" name="TestDollarAmountNameReturnsFalse" />
    </UnitTest>
    <UnitTest name="TestDollarAmountNegativeNumberReturnsFalse" storage="c:\users\aaron\documents\visual studio 2010\projects\tripcalculator\tripcalculatortest\bin\debug\tripcalculatortest.dll" id="086cca26-41c7-6ef3-2c97-d63cfa95047f">
      <Execution id="d83be1a5-106d-4cb2-a42b-89f6c01ed5fb" />
      <TestMethod codeBase="C:/Users/Aaron/documents/visual studio 2010/Projects/tripCalculator/tripCalculatorTest/bin/Debug/tripCalculatorTest.DLL" adapterTypeName="Microsoft.VisualStudio.TestTools.TestTypes.Unit.UnitTestAdapter, Microsoft.VisualStudio.QualityTools.Tips.UnitTest.Adapter, Version=10.0.0.0, Culture=neutral, PublicKeyToken=b03f5f7f11d50a3a" className="tripCalculatorTest.tripCalculatorTest, tripCalculatorTest, Version=1.0.0.0, Culture=neutral, PublicKeyToken=null" name="TestDollarAmountNegativeNumberReturnsFalse" />
    </UnitTest>
    <UnitTest name="TestDollarAmountZeroNumberReturnsTrue" storage="c:\users\aaron\documents\visual studio 2010\projects\tripcalculator\tripcalculatortest\bin\debug\tripcalculatortest.dll" id="72c3e3da-5cd1-9e58-afa0-e1459142a470">
      <Execution id="6f8ac6e9-d980-451b-9218-6898f1392a3d" />
      <TestMethod codeBase="C:/Users/Aaron/documents/visual studio 2010/Projects/tripCalculator/tripCalculatorTest/bin/Debug/tripCalculatorTest.DLL" adapterTypeName="Microsoft.VisualStudio.TestTools.TestTypes.Unit.UnitTestAdapter, Microsoft.VisualStudio.QualityTools.Tips.UnitTest.Adapter, Version=10.0.0.0, Culture=neutral, PublicKeyToken=b03f5f7f11d50a3a" className="tripCalculatorTest.tripCalculatorTest, tripCalculatorTest, Version=1.0.0.0, Culture=neutral, PublicKeyToken=null" name="TestDollarAmountZeroNumberReturnsTrue" />
    </UnitTest>
    <UnitTest name="TestIncorrectSpellingReturnsFalse" storage="c:\users\aaron\documents\visual studio 2010\projects\tripcalculator\tripcalculatortest\bin\debug\tripcalculatortest.dll" id="41d4b1fd-5db9-4984-0a52-230f88bb479f">
      <Execution id="5695bdbd-af50-43af-a045-5eca46f9ad00" />
      <TestMethod codeBase="C:/Users/Aaron/documents/visual studio 2010/Projects/tripCalculator/tripCalculatorTest/bin/Debug/tripCalculatorTest.DLL" adapterTypeName="Microsoft.VisualStudio.TestTools.TestTypes.Unit.UnitTestAdapter, Microsoft.VisualStudio.QualityTools.Tips.UnitTest.Adapter, Version=10.0.0.0, Culture=neutral, PublicKeyToken=b03f5f7f11d50a3a" className="tripCalculatorTest.tripCalculatorTest, tripCalculatorTest, Version=1.0.0.0, Culture=neutral, PublicKeyToken=null" name="TestIncorrectSpellingReturnsFalse" />
    </UnitTest>
    <UnitTest name="TestDollarAmountBlankReturnsFalse" storage="c:\users\aaron\documents\visual studio 2010\projects\tripcalculator\tripcalculatortest\bin\debug\tripcalculatortest.dll" id="188cb59a-fb5c-a7e4-d23a-ef8a757c8248">
      <Execution id="8c4e5918-0f62-43cb-9ee2-cdb8ea01c901" />
      <TestMethod codeBase="C:/Users/Aaron/documents/visual studio 2010/Projects/tripCalculator/tripCalculatorTest/bin/Debug/tripCalculatorTest.DLL" adapterTypeName="Microsoft.VisualStudio.TestTools.TestTypes.Unit.UnitTestAdapter, Microsoft.VisualStudio.QualityTools.Tips.UnitTest.Adapter, Version=10.0.0.0, Culture=neutral, PublicKeyToken=b03f5f7f11d50a3a" className="tripCalculatorTest.tripCalculatorTest, tripCalculatorTest, Version=1.0.0.0, Culture=neutral, PublicKeyToken=null" name="TestDollarAmountBlankReturnsFalse" />
    </UnitTest>
    <UnitTest name="TestCorrectNameWorks" storage="c:\users\aaron\documents\visual studio 2010\projects\tripcalculator\tripcalculatortest\bin\debug\tripcalculatortest.dll" id="6f27d419-20f9-c965-146b-dd72865af8f0">
      <Execution id="ca14eb16-b50d-4bab-a944-f3aa487f2234" />
      <TestMethod codeBase="C:/Users/Aaron/documents/visual studio 2010/Projects/tripCalculator/tripCalculatorTest/bin/Debug/tripCalculatorTest.DLL" adapterTypeName="Microsoft.VisualStudio.TestTools.TestTypes.Unit.UnitTestAdapter, Microsoft.VisualStudio.QualityTools.Tips.UnitTest.Adapter, Version=10.0.0.0, Culture=neutral, PublicKeyToken=b03f5f7f11d50a3a" className="tripCalculatorTest.tripCalculatorTest, tripCalculatorTest, Version=1.0.0.0, Culture=neutral, PublicKeyToken=null" name="TestCorrectNameWorks" />
    </UnitTest>
    <UnitTest name="TestNameWithNumbersReturnsFalse" storage="c:\users\aaron\documents\visual studio 2010\projects\tripcalculator\tripcalculatortest\bin\debug\tripcalculatortest.dll" id="a46b5d79-db81-eb2b-e033-f652d3c531da">
      <Execution id="5df22c19-9603-449f-86f0-503b350bf4bb" />
      <TestMethod codeBase="C:/Users/Aaron/documents/visual studio 2010/Projects/tripCalculator/tripCalculatorTest/bin/Debug/tripCalculatorTest.DLL" adapterTypeName="Microsoft.VisualStudio.TestTools.TestTypes.Unit.UnitTestAdapter, Microsoft.VisualStudio.QualityTools.Tips.UnitTest.Adapter, Version=10.0.0.0, Culture=neutral, PublicKeyToken=b03f5f7f11d50a3a" className="tripCalculatorTest.tripCalculatorTest, tripCalculatorTest, Version=1.0.0.0, Culture=neutral, PublicKeyToken=null" name="TestNameWithNumbersReturnsFalse" />
    </UnitTest>
  </TestDefinitions>
  <TestLists>
    <TestList name="Results Not in a List" id="8c84fa94-04c1-424b-9868-57a2d4851a1d" />
    <TestList name="All Loaded Results" id="19431567-8539-422a-85d7-44ee4e166bda" />
  </TestLists>
  <TestEntries>
    <TestEntry testId="086cca26-41c7-6ef3-2c97-d63cfa95047f" executionId="d83be1a5-106d-4cb2-a42b-89f6c01ed5fb" testListId="8c84fa94-04c1-424b-9868-57a2d4851a1d" />
    <TestEntry testId="188cb59a-fb5c-a7e4-d23a-ef8a757c8248" executionId="8c4e5918-0f62-43cb-9ee2-cdb8ea01c901" testListId="8c84fa94-04c1-424b-9868-57a2d4851a1d" />
    <TestEntry testId="41d4b1fd-5db9-4984-0a52-230f88bb479f" executionId="5695bdbd-af50-43af-a045-5eca46f9ad00" testListId="8c84fa94-04c1-424b-9868-57a2d4851a1d" />
    <TestEntry testId="6f27d419-20f9-c965-146b-dd72865af8f0" executionId="ca14eb16-b50d-4bab-a944-f3aa487f2234" testListId="8c84fa94-04c1-424b-9868-57a2d4851a1d" />
    <TestEntry testId="72c3e3da-5cd1-9e58-afa0-e1459142a470" executionId="6f8ac6e9-d980-451b-9218-6898f1392a3d" testListId="8c84fa94-04c1-424b-9868-57a2d4851a1d" />
    <TestEntry testId="a46b5d79-db81-eb2b-e033-f652d3c531da" executionId="5df22c19-9603-449f-86f0-503b350bf4bb" testListId="8c84fa94-04c1-424b-9868-57a2d4851a1d" />
    <TestEntry testId="bd9a4a21-da79-584b-dca9-c78ee84d8e19" executionId="c8352020-42a8-4634-b764-91e747309cca" testListId="8c84fa94-04c1-424b-9868-57a2d4851a1d" />
    <TestEntry testId="d551d814-3ba6-9128-98e4-49734d633a16" executionId="586f4541-5672-4d7d-a416-5ec443b758cd" testListId="8c84fa94-04c1-424b-9868-57a2d4851a1d" />
  </TestEntries>
  <Results>
    <UnitTestResult executionId="d83be1a5-106d-4cb2-a42b-89f6c01ed5fb" testId="086cca26-41c7-6ef3-2c97-d63cfa95047f" testName="TestDollarAmountNegativeNumberReturnsFalse" computerName="AARON-HP" duration="00:00:00.0172988" startTime="2016-09-18T06:42:52.7370165-07:00" endTime="2016-09-18T06:42:53.0339031-07:00" testType="13cdc9d9-ddb5-4fa4-a97d-d965ccfc6d4b" outcome="Passed" testListId="8c84fa94-04c1-424b-9868-57a2d4851a1d" relativeResultsDirectory="d83be1a5-106d-4cb2-a42b-89f6c01ed5fb">
    </UnitTestResult>
    <UnitTestResult executionId="8c4e5918-0f62-43cb-9ee2-cdb8ea01c901" testId="188cb59a-fb5c-a7e4-d23a-ef8a757c8248" testName="TestDollarAmountBlankReturnsFalse" computerName="AARON-HP" duration="00:00:00.0002861" startTime="2016-09-18T06:42:53.0654613-07:00" endTime="2016-09-18T06:42:53.0654613-07:00" testType="13cdc9d9-ddb5-4fa4-a97d-d965ccfc6d4b" outcome="Passed" testListId="8c84fa94-04c1-424b-9868-57a2d4851a1d" relativeResultsDirectory="8c4e5918-0f62-43cb-9ee2-cdb8ea01c901">
    </UnitTestResult>
    <UnitTestResult executionId="5695bdbd-af50-43af-a045-5eca46f9ad00" testId="41d4b1fd-5db9-4984-0a52-230f88bb479f" testName="TestIncorrectSpellingReturnsFalse" computerName="AARON-HP" duration="00:00:00.0003734" startTime="2016-09-18T06:42:53.0810860-07:00" endTime="2016-09-18T06:42:53.0810860-07:00" testType="13cdc9d9-ddb5-4fa4-a97d-d965ccfc6d4b" outcome="Passed" testListId="8c84fa94-04c1-424b-9868-57a2d4851a1d" relativeResultsDirectory="5695bdbd-af50-43af-a045-5eca46f9ad00">
    </UnitTestResult>
    <UnitTestResult executionId="ca14eb16-b50d-4bab-a944-f3aa487f2234" testId="6f27d419-20f9-c965-146b-dd72865af8f0" testName="TestCorrectNameWorks" computerName="AARON-HP" duration="00:00:00.0002771" startTime="2016-09-18T06:42:53.1123380-07:00" endTime="2016-09-18T06:42:53.1123380-07:00" testType="13cdc9d9-ddb5-4fa4-a97d-d965ccfc6d4b" outcome="Passed" testListId="8c84fa94-04c1-424b-9868-57a2d4851a1d" relativeResultsDirectory="ca14eb16-b50d-4bab-a944-f3aa487f2234">
    </UnitTestResult>
    <UnitTestResult executionId="6f8ac6e9-d980-451b-9218-6898f1392a3d" testId="72c3e3da-5cd1-9e58-afa0-e1459142a470" testName="TestDollarAmountZeroNumberReturnsTrue" computerName="AARON-HP" duration="00:00:00.0134535" startTime="2016-09-18T06:42:53.1123380-07:00" endTime="2016-09-18T06:42:53.1279905-07:00" testType="13cdc9d9-ddb5-4fa4-a97d-d965ccfc6d4b" outcome="Failed" testListId="8c84fa94-04c1-424b-9868-57a2d4851a1d" relativeResultsDirectory="6f8ac6e9-d980-451b-9218-6898f1392a3d">
      <Output>
        <ErrorInfo>
          <Message>Assert.AreEqual failed. Expected:&lt;True&gt;. Actual:&lt;False&gt;. .00 dollar amount is incorrect name</Message>
          <StackTrace>   at tripCalculatorTest.tripCalculatorTest.TestDollarAmountZeroNumberReturnsTrue() in C:\Users\Aaron\documents\visual studio 2010\Projects\tripCalculator\tripCalculatorTest\tripCalculatorTest.cs:line 117
</StackTrace>
        </ErrorInfo>
      </Output>
    </UnitTestResult>
    <UnitTestResult executionId="5df22c19-9603-449f-86f0-503b350bf4bb" testId="a46b5d79-db81-eb2b-e033-f652d3c531da" testName="TestNameWithNumbersReturnsFalse" computerName="AARON-HP" duration="00:00:00.0002938" startTime="2016-09-18T06:42:53.1435874-07:00" endTime="2016-09-18T06:42:53.1435874-07:00" testType="13cdc9d9-ddb5-4fa4-a97d-d965ccfc6d4b" outcome="Passed" testListId="8c84fa94-04c1-424b-9868-57a2d4851a1d" relativeResultsDirectory="5df22c19-9603-449f-86f0-503b350bf4bb">
    </UnitTestResult>
    <UnitTestResult executionId="c8352020-42a8-4634-b764-91e747309cca" testId="bd9a4a21-da79-584b-dca9-c78ee84d8e19" testName="TestBlankNameReturnsFalse" computerName="AARON-HP" duration="00:00:00.0004012" startTime="2016-09-18T06:42:53.1435874-07:00" endTime="2016-09-18T06:42:53.1592622-07:00" testType="13cdc9d9-ddb5-4fa4-a97d-d965ccfc6d4b" outcome="Passed" testListId="8c84fa94-04c1-424b-9868-57a2d4851a1d" relativeResultsDirectory="c8352020-42a8-4634-b764-91e747309cca">
    </UnitTestResult>
    <UnitTestResult executionId="586f4541-5672-4d7d-a416-5ec443b758cd" testId="d551d814-3ba6-9128-98e4-49734d633a16" testName="TestDollarAmountNameReturnsFalse" computerName="AARON-HP" duration="00:00:00.0002874" startTime="2016-09-18T06:42:53.1592622-07:00" endTime="2016-09-18T06:42:53.1592622-07:00" testType="13cdc9d9-ddb5-4fa4-a97d-d965ccfc6d4b" outcome="Passed" testListId="8c84fa94-04c1-424b-9868-57a2d4851a1d" relativeResultsDirectory="586f4541-5672-4d7d-a416-5ec443b758cd">
    </UnitTestResult>
  </Results>
</TestRun>